[dotenv@17.2.3] injecting env (3) from .env -- tip: 👥 sync secrets across teammates & machines: https://dotenvx.com/ops
[dotenv@17.2.3] injecting env (0) from .env -- tip: ✅ audit secrets and track compliance: https://dotenvx.com/ops
Error: Cannot find module 'csv-parse/sync'
Require stack:
- D:\HospitalManagementSystem\HM App\backend\src\services\dataMigrationService.ts
- D:\HospitalManagementSystem\HM App\backend\src\routes\dataMigration.ts
- D:\HospitalManagementSystem\HM App\backend\src\app.ts
- D:\HospitalManagementSystem\HM App\backend\src\server.ts
    at Function.<anonymous> (node:internal/modules/cjs/loader:1401:15)
    at Function.Module._resolveFilename.sharedData.moduleResolveFilenameHook.installedValue [as _resolveFilename] (D:\HospitalManagementSystem\HM App\backend\node_modules\@cspotcode\source-map-support\source-map-support.js:811:30)
    at defaultResolveImpl (node:internal/modules/cjs/loader:1057:19)
    at resolveForCJSWithHooks (node:internal/modules/cjs/loader:1062:22)
    at Function._load (node:internal/modules/cjs/loader:1211:37)
    at TracingChannel.traceSync (node:diagnostics_channel:322:14)
    at wrapModuleLoad (node:internal/modules/cjs/loader:235:24)
    at Module.require (node:internal/modules/cjs/loader:1487:12)
    at require (node:internal/modules/helpers:135:16)
    at Object.<anonymous> (D:\HospitalManagementSystem\HM App\backend\src\services\dataMigrationService.ts:4:1) {
  code: 'MODULE_NOT_FOUND',
  requireStack: [
    'D:\\HospitalManagementSystem\\HM App\\backend\\src\\services\\dataMigrationService.ts',
    'D:\\HospitalManagementSystem\\HM App\\backend\\src\\routes\\dataMigration.ts',
    'D:\\HospitalManagementSystem\\HM App\\backend\\src\\app.ts',
    'D:\\HospitalManagementSystem\\HM App\\backend\\src\\server.ts'
  ]
}
